2026-09-18 00:01:17 INFO  [USER-INFO,traceId=,spanId=] [AsyncResolver-bootstrap-executor-%d] c.n.d.s.r.aws.ConfigClusterResolver - Resolving eureka endpoints via configuration
2026-09-18 00:06:17 INFO  [USER-INFO,traceId=,spanId=] [AsyncResolver-bootstrap-executor-%d] c.n.d.s.r.aws.ConfigClusterResolver - Resolving eureka endpoints via configuration
2026-09-18 00:11:17 INFO  [USER-INFO,traceId=,spanId=] [AsyncResolver-bootstrap-executor-%d] c.n.d.s.r.aws.ConfigClusterResolver - Resolving eureka endpoints via configuration
2026-09-18 01:51:16 INFO  [USER-INFO,traceId=,spanId=] [cluster-ClusterId{value='6aac1d49c24de35ada5878b4', description='null'}-ac-2s659uf-shard-00-02.pvohmlz.mongodb.net:27017] org.mongodb.driver.cluster - Exception in monitor thread while connecting to server ac-2s659uf-shard-00-02.pvohmlz.mongodb.net:27017
com.mongodb.MongoSocketReadException: Exception receiving message
	at com.mongodb.internal.connection.InternalStreamConnection.translateReadException(InternalStreamConnection.java:814)
	at com.mongodb.internal.connection.InternalStreamConnection.receiveResponseBuffers(InternalStreamConnection.java:862)
	at com.mongodb.internal.connection.InternalStreamConnection.receiveCommandMessageResponse(InternalStreamConnection.java:517)
	at com.mongodb.internal.connection.InternalStreamConnection.receive(InternalStreamConnection.java:469)
	at com.mongodb.internal.connection.DefaultServerMonitor$ServerMonitor.lookupServerDescription(DefaultServerMonitor.java:249)
	at com.mongodb.internal.connection.DefaultServerMonitor$ServerMonitor.run(DefaultServerMonitor.java:176)
Caused by: java.net.SocketException: Connection reset
	at java.base/sun.nio.ch.NioSocketImpl.implRead(NioSocketImpl.java:318)
	at java.base/sun.nio.ch.NioSocketImpl.read(NioSocketImpl.java:346)
	at java.base/sun.nio.ch.NioSocketImpl$1.read(NioSocketImpl.java:796)
	at java.base/java.net.Socket$SocketInputStream.read(Socket.java:1099)
	at java.base/sun.security.ssl.SSLSocketInputRecord.read(SSLSocketInputRecord.java:489)
	at java.base/sun.security.ssl.SSLSocketInputRecord.readHeader(SSLSocketInputRecord.java:483)
	at java.base/sun.security.ssl.SSLSocketInputRecord.bytesInCompletePacket(SSLSocketInputRecord.java:70)
	at java.base/sun.security.ssl.SSLSocketImpl.readApplicationRecord(SSLSocketImpl.java:1461)
	at java.base/sun.security.ssl.SSLSocketImpl$AppInputStream.read(SSLSocketImpl.java:1066)
	at com.mongodb.internal.connection.SocketStream.read(SocketStream.java:182)
	at com.mongodb.internal.connection.InternalStreamConnection.receiveResponseBuffers(InternalStreamConnection.java:829)
	... 4 common frames omitted
2026-09-18 01:51:16 INFO  [USER-INFO,traceId=,spanId=] [cluster-ClusterId{value='6aac1d49c24de35ada5878b4', description='null'}-ac-2s659uf-shard-00-01.pvohmlz.mongodb.net:27017] org.mongodb.driver.cluster - Exception in monitor thread while connecting to server ac-2s659uf-shard-00-01.pvohmlz.mongodb.net:27017
com.mongodb.MongoSocketReadException: Exception receiving message
	at com.mongodb.internal.connection.InternalStreamConnection.translateReadException(InternalStreamConnection.java:814)
	at com.mongodb.internal.connection.InternalStreamConnection.receiveResponseBuffers(InternalStreamConnection.java:862)
	at com.mongodb.internal.connection.InternalStreamConnection.receiveCommandMessageResponse(InternalStreamConnection.java:517)
	at com.mongodb.internal.connection.InternalStreamConnection.receive(InternalStreamConnection.java:469)
	at com.mongodb.internal.connection.DefaultServerMonitor$ServerMonitor.lookupServerDescription(DefaultServerMonitor.java:249)
	at com.mongodb.internal.connection.DefaultServerMonitor$ServerMonitor.run(DefaultServerMonitor.java:176)
Caused by: java.net.SocketException: Connection reset
	at java.base/sun.nio.ch.NioSocketImpl.implRead(NioSocketImpl.java:318)
	at java.base/sun.nio.ch.NioSocketImpl.read(NioSocketImpl.java:346)
	at java.base/sun.nio.ch.NioSocketImpl$1.read(NioSocketImpl.java:796)
	at java.base/java.net.Socket$SocketInputStream.read(Socket.java:1099)
	at java.base/sun.security.ssl.SSLSocketInputRecord.read(SSLSocketInputRecord.java:489)
	at java.base/sun.security.ssl.SSLSocketInputRecord.readHeader(SSLSocketInputRecord.java:483)
	at java.base/sun.security.ssl.SSLSocketInputRecord.bytesInCompletePacket(SSLSocketInputRecord.java:70)
	at java.base/sun.security.ssl.SSLSocketImpl.readApplicationRecord(SSLSocketImpl.java:1461)
	at java.base/sun.security.ssl.SSLSocketImpl$AppInputStream.read(SSLSocketImpl.java:1066)
	at com.mongodb.internal.connection.SocketStream.read(SocketStream.java:182)
	at com.mongodb.internal.connection.InternalStreamConnection.receiveResponseBuffers(InternalStreamConnection.java:829)
	... 4 common frames omitted
2026-09-18 01:51:16 INFO  [USER-INFO,traceId=,spanId=] [cluster-ClusterId{value='6aac1d49c24de35ada5878b4', description='null'}-ac-2s659uf-shard-00-02.pvohmlz.mongodb.net:27017] org.mongodb.driver.cluster - Exception in monitor thread while connecting to server ac-2s659uf-shard-00-02.pvohmlz.mongodb.net:27017
com.mongodb.MongoSocketException: No such host is known (ac-2s659uf-shard-00-02.pvohmlz.mongodb.net)
	at com.mongodb.internal.connection.ServerAddressHelper.getSocketAddresses(ServerAddressHelper.java:75)
	at com.mongodb.internal.connection.SocketStream.initializeSocket(SocketStream.java:100)
	at com.mongodb.internal.connection.SocketStream.open(SocketStream.java:79)
	at com.mongodb.internal.connection.InternalStreamConnection.open(InternalStreamConnection.java:233)
	at com.mongodb.internal.connection.DefaultServerMonitor$ServerMonitor.lookupServerDescription(DefaultServerMonitor.java:219)
	at com.mongodb.internal.connection.DefaultServerMonitor$ServerMonitor.run(DefaultServerMonitor.java:176)
Caused by: java.net.UnknownHostException: No such host is known (ac-2s659uf-shard-00-02.pvohmlz.mongodb.net)
	at java.base/java.net.Inet6AddressImpl.lookupAllHostAddr(Native Method)
	at java.base/java.net.Inet6AddressImpl.lookupAllHostAddr(Inet6AddressImpl.java:52)
	at java.base/java.net.InetAddress$PlatformResolver.lookupByName(InetAddress.java:1211)
	at java.base/java.net.InetAddress.getAddressesFromNameService(InetAddress.java:1828)
	at java.base/java.net.InetAddress$NameServiceAddresses.get(InetAddress.java:1139)
	at java.base/java.net.InetAddress.getAllByName0(InetAddress.java:1818)
	at java.base/java.net.InetAddress.getAllByName(InetAddress.java:1688)
	at com.mongodb.internal.connection.DefaultInetAddressResolver.lookupByName(DefaultInetAddressResolver.java:34)
	at com.mongodb.internal.connection.ServerAddressHelper.getSocketAddresses(ServerAddressHelper.java:71)
	... 5 common frames omitted
2026-09-18 01:51:16 INFO  [USER-INFO,traceId=,spanId=] [cluster-ClusterId{value='6aac1d49c24de35ada5878b4', description='null'}-ac-2s659uf-shard-00-00.pvohmlz.mongodb.net:27017] org.mongodb.driver.cluster - Exception in monitor thread while connecting to server ac-2s659uf-shard-00-00.pvohmlz.mongodb.net:27017
com.mongodb.MongoSocketReadException: Exception receiving message
	at com.mongodb.internal.connection.InternalStreamConnection.translateReadException(InternalStreamConnection.java:814)
	at com.mongodb.internal.connection.InternalStreamConnection.receiveResponseBuffers(InternalStreamConnection.java:862)
	at com.mongodb.internal.connection.InternalStreamConnection.receiveCommandMessageResponse(InternalStreamConnection.java:517)
	at com.mongodb.internal.connection.InternalStreamConnection.receive(InternalStreamConnection.java:469)
	at com.mongodb.internal.connection.DefaultServerMonitor$ServerMonitor.lookupServerDescription(DefaultServerMonitor.java:249)
	at com.mongodb.internal.connection.DefaultServerMonitor$ServerMonitor.run(DefaultServerMonitor.java:176)
Caused by: java.net.SocketException: Connection reset
	at java.base/sun.nio.ch.NioSocketImpl.implRead(NioSocketImpl.java:318)
	at java.base/sun.nio.ch.NioSocketImpl.read(NioSocketImpl.java:346)
	at java.base/sun.nio.ch.NioSocketImpl$1.read(NioSocketImpl.java:796)
	at java.base/java.net.Socket$SocketInputStream.read(Socket.java:1099)
	at java.base/sun.security.ssl.SSLSocketInputRecord.read(SSLSocketInputRecord.java:489)
	at java.base/sun.security.ssl.SSLSocketInputRecord.readHeader(SSLSocketInputRecord.java:483)
	at java.base/sun.security.ssl.SSLSocketInputRecord.bytesInCompletePacket(SSLSocketInputRecord.java:70)
	at java.base/sun.security.ssl.SSLSocketImpl.readApplicationRecord(SSLSocketImpl.java:1461)
	at java.base/sun.security.ssl.SSLSocketImpl$AppInputStream.read(SSLSocketImpl.java:1066)
	at com.mongodb.internal.connection.SocketStream.read(SocketStream.java:182)
	at com.mongodb.internal.connection.InternalStreamConnection.receiveResponseBuffers(InternalStreamConnection.java:829)
	... 4 common frames omitted
2026-09-18 01:51:16 INFO  [USER-INFO,traceId=,spanId=] [cluster-ClusterId{value='6aac1d49c24de35ada5878b4', description='null'}-ac-2s659uf-shard-00-01.pvohmlz.mongodb.net:27017] org.mongodb.driver.cluster - Exception in monitor thread while connecting to server ac-2s659uf-shard-00-01.pvohmlz.mongodb.net:27017
com.mongodb.MongoSocketException: No such host is known (ac-2s659uf-shard-00-01.pvohmlz.mongodb.net)
	at com.mongodb.internal.connection.ServerAddressHelper.getSocketAddresses(ServerAddressHelper.java:75)
	at com.mongodb.internal.connection.SocketStream.initializeSocket(SocketStream.java:100)
	at com.mongodb.internal.connection.SocketStream.open(SocketStream.java:79)
	at com.mongodb.internal.connection.InternalStreamConnection.open(InternalStreamConnection.java:233)
	at com.mongodb.internal.connection.DefaultServerMonitor$ServerMonitor.lookupServerDescription(DefaultServerMonitor.java:219)
	at com.mongodb.internal.connection.DefaultServerMonitor$ServerMonitor.run(DefaultServerMonitor.java:176)
Caused by: java.net.UnknownHostException: No such host is known (ac-2s659uf-shard-00-01.pvohmlz.mongodb.net)
	at java.base/java.net.Inet6AddressImpl.lookupAllHostAddr(Native Method)
	at java.base/java.net.Inet6AddressImpl.lookupAllHostAddr(Inet6AddressImpl.java:52)
	at java.base/java.net.InetAddress$PlatformResolver.lookupByName(InetAddress.java:1211)
	at java.base/java.net.InetAddress.getAddressesFromNameService(InetAddress.java:1828)
	at java.base/java.net.InetAddress$NameServiceAddresses.get(InetAddress.java:1139)
	at java.base/java.net.InetAddress.getAllByName0(InetAddress.java:1818)
	at java.base/java.net.InetAddress.getAllByName(InetAddress.java:1688)
	at com.mongodb.internal.connection.DefaultInetAddressResolver.lookupByName(DefaultInetAddressResolver.java:34)
	at com.mongodb.internal.connection.ServerAddressHelper.getSocketAddresses(ServerAddressHelper.java:71)
	... 5 common frames omitted
2026-09-18 01:51:16 INFO  [USER-INFO,traceId=,spanId=] [cluster-ClusterId{value='6aac1d49c24de35ada5878b4', description='null'}-ac-2s659uf-shard-00-00.pvohmlz.mongodb.net:27017] org.mongodb.driver.cluster - Exception in monitor thread while connecting to server ac-2s659uf-shard-00-00.pvohmlz.mongodb.net:27017
com.mongodb.MongoSocketException: No such host is known (ac-2s659uf-shard-00-00.pvohmlz.mongodb.net)
	at com.mongodb.internal.connection.ServerAddressHelper.getSocketAddresses(ServerAddressHelper.java:75)
	at com.mongodb.internal.connection.SocketStream.initializeSocket(SocketStream.java:100)
	at com.mongodb.internal.connection.SocketStream.open(SocketStream.java:79)
	at com.mongodb.internal.connection.InternalStreamConnection.open(InternalStreamConnection.java:233)
	at com.mongodb.internal.connection.DefaultServerMonitor$ServerMonitor.lookupServerDescription(DefaultServerMonitor.java:219)
	at com.mongodb.internal.connection.DefaultServerMonitor$ServerMonitor.run(DefaultServerMonitor.java:176)
Caused by: java.net.UnknownHostException: No such host is known (ac-2s659uf-shard-00-00.pvohmlz.mongodb.net)
	at java.base/java.net.Inet6AddressImpl.lookupAllHostAddr(Native Method)
	at java.base/java.net.Inet6AddressImpl.lookupAllHostAddr(Inet6AddressImpl.java:52)
	at java.base/java.net.InetAddress$PlatformResolver.lookupByName(InetAddress.java:1211)
	at java.base/java.net.InetAddress.getAddressesFromNameService(InetAddress.java:1828)
	at java.base/java.net.InetAddress$NameServiceAddresses.get(InetAddress.java:1139)
	at java.base/java.net.InetAddress.getAllByName0(InetAddress.java:1818)
	at java.base/java.net.InetAddress.getAllByName(InetAddress.java:1688)
	at com.mongodb.internal.connection.DefaultInetAddressResolver.lookupByName(DefaultInetAddressResolver.java:34)
	at com.mongodb.internal.connection.ServerAddressHelper.getSocketAddresses(ServerAddressHelper.java:71)
	... 5 common frames omitted
2026-09-18 13:35:36 INFO  [USER-INFO,traceId=,spanId=] [cluster-ClusterId{value='6aac1d49c24de35ada5878b4', description='null'}-ac-2s659uf-shard-00-02.pvohmlz.mongodb.net:27017] org.mongodb.driver.cluster - Exception in monitor thread while connecting to server ac-2s659uf-shard-00-02.pvohmlz.mongodb.net:27017
com.mongodb.MongoSocketException: ac-2s659uf-shard-00-02.pvohmlz.mongodb.net
	at com.mongodb.internal.connection.ServerAddressHelper.getSocketAddresses(ServerAddressHelper.java:75)
	at com.mongodb.internal.connection.SocketStream.initializeSocket(SocketStream.java:100)
	at com.mongodb.internal.connection.SocketStream.open(SocketStream.java:79)
	at com.mongodb.internal.connection.InternalStreamConnection.open(InternalStreamConnection.java:233)
	at com.mongodb.internal.connection.DefaultServerMonitor$ServerMonitor.lookupServerDescription(DefaultServerMonitor.java:219)
	at com.mongodb.internal.connection.DefaultServerMonitor$ServerMonitor.run(DefaultServerMonitor.java:176)
Caused by: java.net.UnknownHostException: ac-2s659uf-shard-00-02.pvohmlz.mongodb.net
	at java.base/java.net.InetAddress$CachedLookup.get(InetAddress.java:988)
	at java.base/java.net.InetAddress.getAllByName0(InetAddress.java:1818)
	at java.base/java.net.InetAddress.getAllByName(InetAddress.java:1688)
	at com.mongodb.internal.connection.DefaultInetAddressResolver.lookupByName(DefaultInetAddressResolver.java:34)
	at com.mongodb.internal.connection.ServerAddressHelper.getSocketAddresses(ServerAddressHelper.java:71)
	... 5 common frames omitted
2026-09-18 13:35:36 INFO  [USER-INFO,traceId=,spanId=] [cluster-ClusterId{value='6aac1d49c24de35ada5878b4', description='null'}-ac-2s659uf-shard-00-01.pvohmlz.mongodb.net:27017] org.mongodb.driver.cluster - Exception in monitor thread while connecting to server ac-2s659uf-shard-00-01.pvohmlz.mongodb.net:27017
com.mongodb.MongoSocketException: ac-2s659uf-shard-00-01.pvohmlz.mongodb.net
	at com.mongodb.internal.connection.ServerAddressHelper.getSocketAddresses(ServerAddressHelper.java:75)
	at com.mongodb.internal.connection.SocketStream.initializeSocket(SocketStream.java:100)
	at com.mongodb.internal.connection.SocketStream.open(SocketStream.java:79)
	at com.mongodb.internal.connection.InternalStreamConnection.open(InternalStreamConnection.java:233)
	at com.mongodb.internal.connection.DefaultServerMonitor$ServerMonitor.lookupServerDescription(DefaultServerMonitor.java:219)
	at com.mongodb.internal.connection.DefaultServerMonitor$ServerMonitor.run(DefaultServerMonitor.java:176)
Caused by: java.net.UnknownHostException: ac-2s659uf-shard-00-01.pvohmlz.mongodb.net
	at java.base/java.net.InetAddress$CachedLookup.get(InetAddress.java:988)
	at java.base/java.net.InetAddress.getAllByName0(InetAddress.java:1818)
	at java.base/java.net.InetAddress.getAllByName(InetAddress.java:1688)
	at com.mongodb.internal.connection.DefaultInetAddressResolver.lookupByName(DefaultInetAddressResolver.java:34)
	at com.mongodb.internal.connection.ServerAddressHelper.getSocketAddresses(ServerAddressHelper.java:71)
	... 5 common frames omitted
2026-09-18 13:35:36 INFO  [USER-INFO,traceId=,spanId=] [cluster-ClusterId{value='6aac1d49c24de35ada5878b4', description='null'}-ac-2s659uf-shard-00-00.pvohmlz.mongodb.net:27017] org.mongodb.driver.cluster - Exception in monitor thread while connecting to server ac-2s659uf-shard-00-00.pvohmlz.mongodb.net:27017
com.mongodb.MongoSocketException: ac-2s659uf-shard-00-00.pvohmlz.mongodb.net
	at com.mongodb.internal.connection.ServerAddressHelper.getSocketAddresses(ServerAddressHelper.java:75)
	at com.mongodb.internal.connection.SocketStream.initializeSocket(SocketStream.java:100)
	at com.mongodb.internal.connection.SocketStream.open(SocketStream.java:79)
	at com.mongodb.internal.connection.InternalStreamConnection.open(InternalStreamConnection.java:233)
	at com.mongodb.internal.connection.DefaultServerMonitor$ServerMonitor.lookupServerDescription(DefaultServerMonitor.java:219)
	at com.mongodb.internal.connection.DefaultServerMonitor$ServerMonitor.run(DefaultServerMonitor.java:176)
Caused by: java.net.UnknownHostException: ac-2s659uf-shard-00-00.pvohmlz.mongodb.net
	at java.base/java.net.InetAddress$CachedLookup.get(InetAddress.java:988)
	at java.base/java.net.InetAddress.getAllByName0(InetAddress.java:1818)
	at java.base/java.net.InetAddress.getAllByName(InetAddress.java:1688)
	at com.mongodb.internal.connection.DefaultInetAddressResolver.lookupByName(DefaultInetAddressResolver.java:34)
	at com.mongodb.internal.connection.ServerAddressHelper.getSocketAddresses(ServerAddressHelper.java:71)
	... 5 common frames omitted
2026-09-18 13:37:27 INFO  [USER-INFO,traceId=,spanId=] [cluster-ClusterId{value='6aac1d49c24de35ada5878b4', description='null'}-ac-2s659uf-shard-00-02.pvohmlz.mongodb.net:27017] org.mongodb.driver.cluster - Monitor thread successfully connected to server with description ServerDescription{address=ac-2s659uf-shard-00-02.pvohmlz.mongodb.net:27017, type=REPLICA_SET_SECONDARY, cryptd=false, state=CONNECTED, ok=true, minWireVersion=0, maxWireVersion=25, maxDocumentSize=16777216, logicalSessionTimeoutMinutes=30, roundTripTimeNanos=165604900, minRoundTripTimeNanos=0, setName='atlas-cyb1qj-shard-0', canonicalAddress=ac-2s659uf-shard-00-02.pvohmlz.mongodb.net:27017, hosts=[ac-2s659uf-shard-00-00.pvohmlz.mongodb.net:27017, ac-2s659uf-shard-00-01.pvohmlz.mongodb.net:27017, ac-2s659uf-shard-00-02.pvohmlz.mongodb.net:27017], passives=[], arbiters=[], primary='ac-2s659uf-shard-00-01.pvohmlz.mongodb.net:27017', tagSet=TagSet{[Tag{name='availabilityZone', value='aps1-az2'}, Tag{name='cacheState', value='READY'}, Tag{name='diskState', value='READY'}, Tag{name='nodeType', value='ELECTABLE'}, Tag{name='provider', value='AWS'}, Tag{name='region', value='AP_SOUTH_1'}, Tag{name='workloadType', value='OPERATIONAL'}]}, electionId=null, setVersion=243, topologyVersion=TopologyVersion{processId=6aa03a0e28f9005065e8fbae, counter=5}, lastWriteDate=Fri Sep 18 13:37:27 IST 2026, lastUpdateTimeNanos=54600963398700}
2026-09-18 13:37:27 INFO  [USER-INFO,traceId=,spanId=] [cluster-ClusterId{value='6aac1d49c24de35ada5878b4', description='null'}-ac-2s659uf-shard-00-01.pvohmlz.mongodb.net:27017] org.mongodb.driver.cluster - Monitor thread successfully connected to server with description ServerDescription{address=ac-2s659uf-shard-00-01.pvohmlz.mongodb.net:27017, type=REPLICA_SET_PRIMARY, cryptd=false, state=CONNECTED, ok=true, minWireVersion=0, maxWireVersion=25, maxDocumentSize=16777216, logicalSessionTimeoutMinutes=30, roundTripTimeNanos=165773900, minRoundTripTimeNanos=0, setName='atlas-cyb1qj-shard-0', canonicalAddress=ac-2s659uf-shard-00-01.pvohmlz.mongodb.net:27017, hosts=[ac-2s659uf-shard-00-00.pvohmlz.mongodb.net:27017, ac-2s659uf-shard-00-01.pvohmlz.mongodb.net:27017, ac-2s659uf-shard-00-02.pvohmlz.mongodb.net:27017], passives=[], arbiters=[], primary='ac-2s659uf-shard-00-01.pvohmlz.mongodb.net:27017', tagSet=TagSet{[Tag{name='availabilityZone', value='aps1-az3'}, Tag{name='cacheState', value='READY'}, Tag{name='diskState', value='READY'}, Tag{name='nodeType', value='ELECTABLE'}, Tag{name='provider', value='AWS'}, Tag{name='region', value='AP_SOUTH_1'}, Tag{name='workloadType', value='OPERATIONAL'}]}, electionId=7fffffff000000000000029c, setVersion=243, topologyVersion=TopologyVersion{processId=6aa036cfe4fd87c4b852bc68, counter=10}, lastWriteDate=Fri Sep 18 13:37:27 IST 2026, lastUpdateTimeNanos=54600963517100}
2026-09-18 13:37:27 INFO  [USER-INFO,traceId=,spanId=] [cluster-ClusterId{value='6aac1d49c24de35ada5878b4', description='null'}-ac-2s659uf-shard-00-01.pvohmlz.mongodb.net:27017] org.mongodb.driver.cluster - Discovered replica set primary ac-2s659uf-shard-00-01.pvohmlz.mongodb.net:27017 with max election id 7fffffff000000000000029c and max set version 243
2026-09-18 13:37:27 INFO  [USER-INFO,traceId=,spanId=] [cluster-ClusterId{value='6aac1d49c24de35ada5878b4', description='null'}-ac-2s659uf-shard-00-00.pvohmlz.mongodb.net:27017] org.mongodb.driver.cluster - Monitor thread successfully connected to server with description ServerDescription{address=ac-2s659uf-shard-00-00.pvohmlz.mongodb.net:27017, type=REPLICA_SET_SECONDARY, cryptd=false, state=CONNECTED, ok=true, minWireVersion=0, maxWireVersion=25, maxDocumentSize=16777216, logicalSessionTimeoutMinutes=30, roundTripTimeNanos=131863000, minRoundTripTimeNanos=0, setName='atlas-cyb1qj-shard-0', canonicalAddress=ac-2s659uf-shard-00-00.pvohmlz.mongodb.net:27017, hosts=[ac-2s659uf-shard-00-00.pvohmlz.mongodb.net:27017, ac-2s659uf-shard-00-01.pvohmlz.mongodb.net:27017, ac-2s659uf-shard-00-02.pvohmlz.mongodb.net:27017], passives=[], arbiters=[], primary='ac-2s659uf-shard-00-01.pvohmlz.mongodb.net:27017', tagSet=TagSet{[Tag{name='availabilityZone', value='aps1-az1'}, Tag{name='cacheState', value='READY'}, Tag{name='diskState', value='READY'}, Tag{name='nodeType', value='ELECTABLE'}, Tag{name='provider', value='AWS'}, Tag{name='region', value='AP_SOUTH_1'}, Tag{name='workloadType', value='OPERATIONAL'}]}, electionId=null, setVersion=243, topologyVersion=TopologyVersion{processId=6aa03408de4fa51023b14665, counter=10}, lastWriteDate=Fri Sep 18 13:37:27 IST 2026, lastUpdateTimeNanos=54600994247900}
2026-09-18 13:39:51 INFO  [USER-INFO,traceId=,spanId=] [AsyncResolver-bootstrap-executor-%d] c.n.d.s.r.aws.ConfigClusterResolver - Resolving eureka endpoints via configuration
2026-09-18 13:44:51 INFO  [USER-INFO,traceId=,spanId=] [AsyncResolver-bootstrap-executor-%d] c.n.d.s.r.aws.ConfigClusterResolver - Resolving eureka endpoints via configuration
2026-09-18 13:49:51 INFO  [USER-INFO,traceId=,spanId=] [AsyncResolver-bootstrap-executor-%d] c.n.d.s.r.aws.ConfigClusterResolver - Resolving eureka endpoints via configuration
2026-09-18 13:54:51 INFO  [USER-INFO,traceId=,spanId=] [AsyncResolver-bootstrap-executor-%d] c.n.d.s.r.aws.ConfigClusterResolver - Resolving eureka endpoints via configuration
2026-09-18 13:59:51 INFO  [USER-INFO,traceId=,spanId=] [AsyncResolver-bootstrap-executor-%d] c.n.d.s.r.aws.ConfigClusterResolver - Resolving eureka endpoints via configuration
2026-09-18 14:04:51 INFO  [USER-INFO,traceId=,spanId=] [AsyncResolver-bootstrap-executor-%d] c.n.d.s.r.aws.ConfigClusterResolver - Resolving eureka endpoints via configuration
2026-09-18 14:09:52 INFO  [USER-INFO,traceId=,spanId=] [AsyncResolver-bootstrap-executor-%d] c.n.d.s.r.aws.ConfigClusterResolver - Resolving eureka endpoints via configuration
2026-09-18 14:14:52 INFO  [USER-INFO,traceId=,spanId=] [AsyncResolver-bootstrap-executor-%d] c.n.d.s.r.aws.ConfigClusterResolver - Resolving eureka endpoints via configuration
2026-09-18 14:19:52 INFO  [USER-INFO,traceId=,spanId=] [AsyncResolver-bootstrap-executor-%d] c.n.d.s.r.aws.ConfigClusterResolver - Resolving eureka endpoints via configuration
2026-09-18 14:24:52 INFO  [USER-INFO,traceId=,spanId=] [AsyncResolver-bootstrap-executor-%d] c.n.d.s.r.aws.ConfigClusterResolver - Resolving eureka endpoints via configuration
2026-09-18 14:29:52 INFO  [USER-INFO,traceId=,spanId=] [AsyncResolver-bootstrap-executor-%d] c.n.d.s.r.aws.ConfigClusterResolver - Resolving eureka endpoints via configuration
2026-09-18 14:34:52 INFO  [USER-INFO,traceId=,spanId=] [AsyncResolver-bootstrap-executor-%d] c.n.d.s.r.aws.ConfigClusterResolver - Resolving eureka endpoints via configuration
2026-09-18 14:39:52 INFO  [USER-INFO,traceId=,spanId=] [AsyncResolver-bootstrap-executor-%d] c.n.d.s.r.aws.ConfigClusterResolver - Resolving eureka endpoints via configuration
2026-09-18 14:44:52 INFO  [USER-INFO,traceId=,spanId=] [AsyncResolver-bootstrap-executor-%d] c.n.d.s.r.aws.ConfigClusterResolver - Resolving eureka endpoints via configuration
2026-09-18 14:49:21 INFO  [USER-INFO,traceId=,spanId=] [cluster-ClusterId{value='6aac1d49c24de35ada5878b4', description='null'}-ac-2s659uf-shard-00-01.pvohmlz.mongodb.net:27017] org.mongodb.driver.cluster - Exception in monitor thread while connecting to server ac-2s659uf-shard-00-01.pvohmlz.mongodb.net:27017
com.mongodb.MongoSocketReadTimeoutException: Timeout while receiving message
	at com.mongodb.internal.connection.InternalStreamConnection.createReadTimeoutException(InternalStreamConnection.java:824)
	at com.mongodb.internal.connection.InternalStreamConnection.translateReadException(InternalStreamConnection.java:812)
	at com.mongodb.internal.connection.InternalStreamConnection.receiveResponseBuffers(InternalStreamConnection.java:862)
	at com.mongodb.internal.connection.InternalStreamConnection.receiveCommandMessageResponse(InternalStreamConnection.java:517)
	at com.mongodb.internal.connection.InternalStreamConnection.receive(InternalStreamConnection.java:469)
	at com.mongodb.internal.connection.DefaultServerMonitor$ServerMonitor.lookupServerDescription(DefaultServerMonitor.java:249)
	at com.mongodb.internal.connection.DefaultServerMonitor$ServerMonitor.run(DefaultServerMonitor.java:176)
Caused by: java.net.SocketTimeoutException: Read timed out
	at java.base/sun.nio.ch.NioSocketImpl.timedRead(NioSocketImpl.java:278)
	at java.base/sun.nio.ch.NioSocketImpl.implRead(NioSocketImpl.java:304)
	at java.base/sun.nio.ch.NioSocketImpl.read(NioSocketImpl.java:346)
	at java.base/sun.nio.ch.NioSocketImpl$1.read(NioSocketImpl.java:796)
	at java.base/java.net.Socket$SocketInputStream.read(Socket.java:1099)
	at java.base/sun.security.ssl.SSLSocketInputRecord.read(SSLSocketInputRecord.java:489)
	at java.base/sun.security.ssl.SSLSocketInputRecord.readHeader(SSLSocketInputRecord.java:483)
	at java.base/sun.security.ssl.SSLSocketInputRecord.bytesInCompletePacket(SSLSocketInputRecord.java:70)
	at java.base/sun.security.ssl.SSLSocketImpl.readApplicationRecord(SSLSocketImpl.java:1461)
	at java.base/sun.security.ssl.SSLSocketImpl$AppInputStream.read(SSLSocketImpl.java:1066)
	at com.mongodb.internal.connection.SocketStream.read(SocketStream.java:182)
	at com.mongodb.internal.connection.InternalStreamConnection.receiveResponseBuffers(InternalStreamConnection.java:829)
	... 4 common frames omitted
2026-09-18 14:49:21 INFO  [USER-INFO,traceId=,spanId=] [cluster-ClusterId{value='6aac1d49c24de35ada5878b4', description='null'}-ac-2s659uf-shard-00-02.pvohmlz.mongodb.net:27017] org.mongodb.driver.cluster - Exception in monitor thread while connecting to server ac-2s659uf-shard-00-02.pvohmlz.mongodb.net:27017
com.mongodb.MongoSocketReadTimeoutException: Timeout while receiving message
	at com.mongodb.internal.connection.InternalStreamConnection.createReadTimeoutException(InternalStreamConnection.java:824)
	at com.mongodb.internal.connection.InternalStreamConnection.translateReadException(InternalStreamConnection.java:812)
	at com.mongodb.internal.connection.InternalStreamConnection.receiveResponseBuffers(InternalStreamConnection.java:862)
	at com.mongodb.internal.connection.InternalStreamConnection.receiveCommandMessageResponse(InternalStreamConnection.java:517)
	at com.mongodb.internal.connection.InternalStreamConnection.receive(InternalStreamConnection.java:469)
	at com.mongodb.internal.connection.DefaultServerMonitor$ServerMonitor.lookupServerDescription(DefaultServerMonitor.java:249)
	at com.mongodb.internal.connection.DefaultServerMonitor$ServerMonitor.run(DefaultServerMonitor.java:176)
Caused by: java.net.SocketTimeoutException: Read timed out
	at java.base/sun.nio.ch.NioSocketImpl.timedRead(NioSocketImpl.java:278)
	at java.base/sun.nio.ch.NioSocketImpl.implRead(NioSocketImpl.java:304)
	at java.base/sun.nio.ch.NioSocketImpl.read(NioSocketImpl.java:346)
	at java.base/sun.nio.ch.NioSocketImpl$1.read(NioSocketImpl.java:796)
	at java.base/java.net.Socket$SocketInputStream.read(Socket.java:1099)
	at java.base/sun.security.ssl.SSLSocketInputRecord.read(SSLSocketInputRecord.java:489)
	at java.base/sun.security.ssl.SSLSocketInputRecord.readHeader(SSLSocketInputRecord.java:483)
	at java.base/sun.security.ssl.SSLSocketInputRecord.bytesInCompletePacket(SSLSocketInputRecord.java:70)
	at java.base/sun.security.ssl.SSLSocketImpl.readApplicationRecord(SSLSocketImpl.java:1461)
	at java.base/sun.security.ssl.SSLSocketImpl$AppInputStream.read(SSLSocketImpl.java:1066)
	at com.mongodb.internal.connection.SocketStream.read(SocketStream.java:182)
	at com.mongodb.internal.connection.InternalStreamConnection.receiveResponseBuffers(InternalStreamConnection.java:829)
	... 4 common frames omitted
2026-09-18 14:49:21 INFO  [USER-INFO,traceId=,spanId=] [cluster-ClusterId{value='6aac1d49c24de35ada5878b4', description='null'}-ac-2s659uf-shard-00-00.pvohmlz.mongodb.net:27017] org.mongodb.driver.cluster - Exception in monitor thread while connecting to server ac-2s659uf-shard-00-00.pvohmlz.mongodb.net:27017
com.mongodb.MongoSocketReadTimeoutException: Timeout while receiving message
	at com.mongodb.internal.connection.InternalStreamConnection.createReadTimeoutException(InternalStreamConnection.java:824)
	at com.mongodb.internal.connection.InternalStreamConnection.translateReadException(InternalStreamConnection.java:812)
	at com.mongodb.internal.connection.InternalStreamConnection.receiveResponseBuffers(InternalStreamConnection.java:862)
	at com.mongodb.internal.connection.InternalStreamConnection.receiveCommandMessageResponse(InternalStreamConnection.java:517)
	at com.mongodb.internal.connection.InternalStreamConnection.receive(InternalStreamConnection.java:469)
	at com.mongodb.internal.connection.DefaultServerMonitor$ServerMonitor.lookupServerDescription(DefaultServerMonitor.java:249)
	at com.mongodb.internal.connection.DefaultServerMonitor$ServerMonitor.run(DefaultServerMonitor.java:176)
Caused by: java.net.SocketTimeoutException: Read timed out
	at java.base/sun.nio.ch.NioSocketImpl.timedRead(NioSocketImpl.java:278)
	at java.base/sun.nio.ch.NioSocketImpl.implRead(NioSocketImpl.java:304)
	at java.base/sun.nio.ch.NioSocketImpl.read(NioSocketImpl.java:346)
	at java.base/sun.nio.ch.NioSocketImpl$1.read(NioSocketImpl.java:796)
	at java.base/java.net.Socket$SocketInputStream.read(Socket.java:1099)
	at java.base/sun.security.ssl.SSLSocketInputRecord.read(SSLSocketInputRecord.java:489)
	at java.base/sun.security.ssl.SSLSocketInputRecord.readHeader(SSLSocketInputRecord.java:483)
	at java.base/sun.security.ssl.SSLSocketInputRecord.bytesInCompletePacket(SSLSocketInputRecord.java:70)
	at java.base/sun.security.ssl.SSLSocketImpl.readApplicationRecord(SSLSocketImpl.java:1461)
	at java.base/sun.security.ssl.SSLSocketImpl$AppInputStream.read(SSLSocketImpl.java:1066)
	at com.mongodb.internal.connection.SocketStream.read(SocketStream.java:182)
	at com.mongodb.internal.connection.InternalStreamConnection.receiveResponseBuffers(InternalStreamConnection.java:829)
	... 4 common frames omitted
2026-09-18 14:49:21 INFO  [USER-INFO,traceId=,spanId=] [cluster-ClusterId{value='6aac1d49c24de35ada5878b4', description='null'}-ac-2s659uf-shard-00-02.pvohmlz.mongodb.net:27017] org.mongodb.driver.cluster - Exception in monitor thread while connecting to server ac-2s659uf-shard-00-02.pvohmlz.mongodb.net:27017
com.mongodb.MongoSocketException: No such host is known (ac-2s659uf-shard-00-02.pvohmlz.mongodb.net)
	at com.mongodb.internal.connection.ServerAddressHelper.getSocketAddresses(ServerAddressHelper.java:75)
	at com.mongodb.internal.connection.SocketStream.initializeSocket(SocketStream.java:100)
	at com.mongodb.internal.connection.SocketStream.open(SocketStream.java:79)
	at com.mongodb.internal.connection.InternalStreamConnection.open(InternalStreamConnection.java:233)
	at com.mongodb.internal.connection.DefaultServerMonitor$ServerMonitor.lookupServerDescription(DefaultServerMonitor.java:219)
	at com.mongodb.internal.connection.DefaultServerMonitor$ServerMonitor.run(DefaultServerMonitor.java:176)
Caused by: java.net.UnknownHostException: No such host is known (ac-2s659uf-shard-00-02.pvohmlz.mongodb.net)
	at java.base/java.net.Inet6AddressImpl.lookupAllHostAddr(Native Method)
	at java.base/java.net.Inet6AddressImpl.lookupAllHostAddr(Inet6AddressImpl.java:52)
	at java.base/java.net.InetAddress$PlatformResolver.lookupByName(InetAddress.java:1211)
	at java.base/java.net.InetAddress.getAddressesFromNameService(InetAddress.java:1828)
	at java.base/java.net.InetAddress$NameServiceAddresses.get(InetAddress.java:1139)
	at java.base/java.net.InetAddress.getAllByName0(InetAddress.java:1818)
	at java.base/java.net.InetAddress.getAllByName(InetAddress.java:1688)
	at com.mongodb.internal.connection.DefaultInetAddressResolver.lookupByName(DefaultInetAddressResolver.java:34)
	at com.mongodb.internal.connection.ServerAddressHelper.getSocketAddresses(ServerAddressHelper.java:71)
	... 5 common frames omitted
2026-09-18 14:49:21 INFO  [USER-INFO,traceId=,spanId=] [cluster-ClusterId{value='6aac1d49c24de35ada5878b4', description='null'}-ac-2s659uf-shard-00-01.pvohmlz.mongodb.net:27017] org.mongodb.driver.cluster - Exception in monitor thread while connecting to server ac-2s659uf-shard-00-01.pvohmlz.mongodb.net:27017
com.mongodb.MongoSocketException: No such host is known (ac-2s659uf-shard-00-01.pvohmlz.mongodb.net)
	at com.mongodb.internal.connection.ServerAddressHelper.getSocketAddresses(ServerAddressHelper.java:75)
	at com.mongodb.internal.connection.SocketStream.initializeSocket(SocketStream.java:100)
	at com.mongodb.internal.connection.SocketStream.open(SocketStream.java:79)
	at com.mongodb.internal.connection.InternalStreamConnection.open(InternalStreamConnection.java:233)
	at com.mongodb.internal.connection.DefaultServerMonitor$ServerMonitor.lookupServerDescription(DefaultServerMonitor.java:219)
	at com.mongodb.internal.connection.DefaultServerMonitor$ServerMonitor.run(DefaultServerMonitor.java:176)
Caused by: java.net.UnknownHostException: No such host is known (ac-2s659uf-shard-00-01.pvohmlz.mongodb.net)
	at java.base/java.net.Inet6AddressImpl.lookupAllHostAddr(Native Method)
	at java.base/java.net.Inet6AddressImpl.lookupAllHostAddr(Inet6AddressImpl.java:52)
	at java.base/java.net.InetAddress$PlatformResolver.lookupByName(InetAddress.java:1211)
	at java.base/java.net.InetAddress.getAddressesFromNameService(InetAddress.java:1828)
	at java.base/java.net.InetAddress$NameServiceAddresses.get(InetAddress.java:1139)
	at java.base/java.net.InetAddress.getAllByName0(InetAddress.java:1818)
	at java.base/java.net.InetAddress.getAllByName(InetAddress.java:1688)
	at com.mongodb.internal.connection.DefaultInetAddressResolver.lookupByName(DefaultInetAddressResolver.java:34)
	at com.mongodb.internal.connection.ServerAddressHelper.getSocketAddresses(ServerAddressHelper.java:71)
	... 5 common frames omitted
2026-09-18 14:49:21 INFO  [USER-INFO,traceId=,spanId=] [cluster-ClusterId{value='6aac1d49c24de35ada5878b4', description='null'}-ac-2s659uf-shard-00-00.pvohmlz.mongodb.net:27017] org.mongodb.driver.cluster - Exception in monitor thread while connecting to server ac-2s659uf-shard-00-00.pvohmlz.mongodb.net:27017
com.mongodb.MongoSocketException: No such host is known (ac-2s659uf-shard-00-00.pvohmlz.mongodb.net)
	at com.mongodb.internal.connection.ServerAddressHelper.getSocketAddresses(ServerAddressHelper.java:75)
	at com.mongodb.internal.connection.SocketStream.initializeSocket(SocketStream.java:100)
	at com.mongodb.internal.connection.SocketStream.open(SocketStream.java:79)
	at com.mongodb.internal.connection.InternalStreamConnection.open(InternalStreamConnection.java:233)
	at com.mongodb.internal.connection.DefaultServerMonitor$ServerMonitor.lookupServerDescription(DefaultServerMonitor.java:219)
	at com.mongodb.internal.connection.DefaultServerMonitor$ServerMonitor.run(DefaultServerMonitor.java:176)
Caused by: java.net.UnknownHostException: No such host is known (ac-2s659uf-shard-00-00.pvohmlz.mongodb.net)
	at java.base/java.net.Inet6AddressImpl.lookupAllHostAddr(Native Method)
	at java.base/java.net.Inet6AddressImpl.lookupAllHostAddr(Inet6AddressImpl.java:52)
	at java.base/java.net.InetAddress$PlatformResolver.lookupByName(InetAddress.java:1211)
	at java.base/java.net.InetAddress.getAddressesFromNameService(InetAddress.java:1828)
	at java.base/java.net.InetAddress$NameServiceAddresses.get(InetAddress.java:1139)
	at java.base/java.net.InetAddress.getAllByName0(InetAddress.java:1818)
	at java.base/java.net.InetAddress.getAllByName(InetAddress.java:1688)
	at com.mongodb.internal.connection.DefaultInetAddressResolver.lookupByName(DefaultInetAddressResolver.java:34)
	at com.mongodb.internal.connection.ServerAddressHelper.getSocketAddresses(ServerAddressHelper.java:71)
	... 5 common frames omitted
2026-09-18 14:49:52 INFO  [USER-INFO,traceId=,spanId=] [AsyncResolver-bootstrap-executor-%d] c.n.d.s.r.aws.ConfigClusterResolver - Resolving eureka endpoints via configuration
2026-09-18 14:50:31 INFO  [USER-INFO,traceId=,spanId=] [cluster-ClusterId{value='6aac1d49c24de35ada5878b4', description='null'}-ac-2s659uf-shard-00-01.pvohmlz.mongodb.net:27017] org.mongodb.driver.cluster - Exception in monitor thread while connecting to server ac-2s659uf-shard-00-01.pvohmlz.mongodb.net:27017
com.mongodb.MongoSocketException: ac-2s659uf-shard-00-01.pvohmlz.mongodb.net
	at com.mongodb.internal.connection.ServerAddressHelper.getSocketAddresses(ServerAddressHelper.java:75)
	at com.mongodb.internal.connection.SocketStream.initializeSocket(SocketStream.java:100)
	at com.mongodb.internal.connection.SocketStream.open(SocketStream.java:79)
	at com.mongodb.internal.connection.InternalStreamConnection.open(InternalStreamConnection.java:233)
	at com.mongodb.internal.connection.DefaultServerMonitor$ServerMonitor.lookupServerDescription(DefaultServerMonitor.java:219)
	at com.mongodb.internal.connection.DefaultServerMonitor$ServerMonitor.run(DefaultServerMonitor.java:176)
Caused by: java.net.UnknownHostException: ac-2s659uf-shard-00-01.pvohmlz.mongodb.net
	at java.base/java.net.InetAddress$CachedLookup.get(InetAddress.java:988)
	at java.base/java.net.InetAddress.getAllByName0(InetAddress.java:1818)
	at java.base/java.net.InetAddress.getAllByName(InetAddress.java:1688)
	at com.mongodb.internal.connection.DefaultInetAddressResolver.lookupByName(DefaultInetAddressResolver.java:34)
	at com.mongodb.internal.connection.ServerAddressHelper.getSocketAddresses(ServerAddressHelper.java:71)
	... 5 common frames omitted
2026-09-18 14:54:52 INFO  [USER-INFO,traceId=,spanId=] [AsyncResolver-bootstrap-executor-%d] c.n.d.s.r.aws.ConfigClusterResolver - Resolving eureka endpoints via configuration
2026-09-18 14:59:52 INFO  [USER-INFO,traceId=,spanId=] [AsyncResolver-bootstrap-executor-%d] c.n.d.s.r.aws.ConfigClusterResolver - Resolving eureka endpoints via configuration
2026-09-18 15:01:23 INFO  [USER-INFO,traceId=,spanId=] [cluster-ClusterId{value='6aac1d49c24de35ada5878b4', description='null'}-ac-2s659uf-shard-00-00.pvohmlz.mongodb.net:27017] org.mongodb.driver.cluster - Exception in monitor thread while connecting to server ac-2s659uf-shard-00-00.pvohmlz.mongodb.net:27017
com.mongodb.MongoSocketException: ac-2s659uf-shard-00-00.pvohmlz.mongodb.net
	at com.mongodb.internal.connection.ServerAddressHelper.getSocketAddresses(ServerAddressHelper.java:75)
	at com.mongodb.internal.connection.SocketStream.initializeSocket(SocketStream.java:100)
	at com.mongodb.internal.connection.SocketStream.open(SocketStream.java:79)
	at com.mongodb.internal.connection.InternalStreamConnection.open(InternalStreamConnection.java:233)
	at com.mongodb.internal.connection.DefaultServerMonitor$ServerMonitor.lookupServerDescription(DefaultServerMonitor.java:219)
	at com.mongodb.internal.connection.DefaultServerMonitor$ServerMonitor.run(DefaultServerMonitor.java:176)
Caused by: java.net.UnknownHostException: ac-2s659uf-shard-00-00.pvohmlz.mongodb.net
	at java.base/java.net.InetAddress$CachedLookup.get(InetAddress.java:988)
	at java.base/java.net.InetAddress.getAllByName0(InetAddress.java:1818)
	at java.base/java.net.InetAddress.getAllByName(InetAddress.java:1688)
	at com.mongodb.internal.connection.DefaultInetAddressResolver.lookupByName(DefaultInetAddressResolver.java:34)
	at com.mongodb.internal.connection.ServerAddressHelper.getSocketAddresses(ServerAddressHelper.java:71)
	... 5 common frames omitted
2026-09-18 15:03:33 INFO  [USER-INFO,traceId=,spanId=] [cluster-ClusterId{value='6aac1d49c24de35ada5878b4', description='null'}-ac-2s659uf-shard-00-00.pvohmlz.mongodb.net:27017] org.mongodb.driver.cluster - Exception in monitor thread while connecting to server ac-2s659uf-shard-00-00.pvohmlz.mongodb.net:27017
com.mongodb.MongoSocketException: No such host is known (ac-2s659uf-shard-00-00.pvohmlz.mongodb.net)
	at com.mongodb.internal.connection.ServerAddressHelper.getSocketAddresses(ServerAddressHelper.java:75)
	at com.mongodb.internal.connection.SocketStream.initializeSocket(SocketStream.java:100)
	at com.mongodb.internal.connection.SocketStream.open(SocketStream.java:79)
	at com.mongodb.internal.connection.InternalStreamConnection.open(InternalStreamConnection.java:233)
	at com.mongodb.internal.connection.DefaultServerMonitor$ServerMonitor.lookupServerDescription(DefaultServerMonitor.java:219)
	at com.mongodb.internal.connection.DefaultServerMonitor$ServerMonitor.run(DefaultServerMonitor.java:176)
Caused by: java.net.UnknownHostException: No such host is known (ac-2s659uf-shard-00-00.pvohmlz.mongodb.net)
	at java.base/java.net.Inet6AddressImpl.lookupAllHostAddr(Native Method)
	at java.base/java.net.Inet6AddressImpl.lookupAllHostAddr(Inet6AddressImpl.java:52)
	at java.base/java.net.InetAddress$PlatformResolver.lookupByName(InetAddress.java:1211)
	at java.base/java.net.InetAddress.getAddressesFromNameService(InetAddress.java:1828)
	at java.base/java.net.InetAddress$NameServiceAddresses.get(InetAddress.java:1139)
	at java.base/java.net.InetAddress.getAllByName0(InetAddress.java:1818)
	at java.base/java.net.InetAddress.getAllByName(InetAddress.java:1688)
	at com.mongodb.internal.connection.DefaultInetAddressResolver.lookupByName(DefaultInetAddressResolver.java:34)
	at com.mongodb.internal.connection.ServerAddressHelper.getSocketAddresses(ServerAddressHelper.java:71)
	... 5 common frames omitted
2026-09-18 15:04:55 INFO  [USER-INFO,traceId=,spanId=] [AsyncResolver-bootstrap-executor-%d] c.n.d.s.r.aws.ConfigClusterResolver - Resolving eureka endpoints via configuration
2026-09-18 15:33:30 INFO  [USER-INFO,traceId=,spanId=] [cluster-ClusterId{value='6aac1d49c24de35ada5878b4', description='null'}-ac-2s659uf-shard-00-01.pvohmlz.mongodb.net:27017] org.mongodb.driver.cluster - Exception in monitor thread while connecting to server ac-2s659uf-shard-00-01.pvohmlz.mongodb.net:27017
com.mongodb.MongoSocketException: No such host is known (ac-2s659uf-shard-00-01.pvohmlz.mongodb.net)
	at com.mongodb.internal.connection.ServerAddressHelper.getSocketAddresses(ServerAddressHelper.java:75)
	at com.mongodb.internal.connection.SocketStream.initializeSocket(SocketStream.java:100)
	at com.mongodb.internal.connection.SocketStream.open(SocketStream.java:79)
	at com.mongodb.internal.connection.InternalStreamConnection.open(InternalStreamConnection.java:233)
	at com.mongodb.internal.connection.DefaultServerMonitor$ServerMonitor.lookupServerDescription(DefaultServerMonitor.java:219)
	at com.mongodb.internal.connection.DefaultServerMonitor$ServerMonitor.run(DefaultServerMonitor.java:176)
Caused by: java.net.UnknownHostException: No such host is known (ac-2s659uf-shard-00-01.pvohmlz.mongodb.net)
	at java.base/java.net.Inet6AddressImpl.lookupAllHostAddr(Native Method)
	at java.base/java.net.Inet6AddressImpl.lookupAllHostAddr(Inet6AddressImpl.java:52)
	at java.base/java.net.InetAddress$PlatformResolver.lookupByName(InetAddress.java:1211)
	at java.base/java.net.InetAddress.getAddressesFromNameService(InetAddress.java:1828)
	at java.base/java.net.InetAddress$NameServiceAddresses.get(InetAddress.java:1139)
	at java.base/java.net.InetAddress.getAllByName0(InetAddress.java:1818)
	at java.base/java.net.InetAddress.getAllByName(InetAddress.java:1688)
	at com.mongodb.internal.connection.DefaultInetAddressResolver.lookupByName(DefaultInetAddressResolver.java:34)
	at com.mongodb.internal.connection.ServerAddressHelper.getSocketAddresses(ServerAddressHelper.java:71)
	... 5 common frames omitted
2026-09-18 15:35:01 INFO  [USER-INFO,traceId=,spanId=] [cluster-ClusterId{value='6aac1d49c24de35ada5878b4', description='null'}-ac-2s659uf-shard-00-01.pvohmlz.mongodb.net:27017] org.mongodb.driver.cluster - Monitor thread successfully connected to server with description ServerDescription{address=ac-2s659uf-shard-00-01.pvohmlz.mongodb.net:27017, type=REPLICA_SET_PRIMARY, cryptd=false, state=CONNECTED, ok=true, minWireVersion=0, maxWireVersion=25, maxDocumentSize=16777216, logicalSessionTimeoutMinutes=30, roundTripTimeNanos=272244600, minRoundTripTimeNanos=0, setName='atlas-cyb1qj-shard-0', canonicalAddress=ac-2s659uf-shard-00-01.pvohmlz.mongodb.net:27017, hosts=[ac-2s659uf-shard-00-00.pvohmlz.mongodb.net:27017, ac-2s659uf-shard-00-01.pvohmlz.mongodb.net:27017, ac-2s659uf-shard-00-02.pvohmlz.mongodb.net:27017], passives=[], arbiters=[], primary='ac-2s659uf-shard-00-01.pvohmlz.mongodb.net:27017', tagSet=TagSet{[Tag{name='availabilityZone', value='aps1-az3'}, Tag{name='cacheState', value='READY'}, Tag{name='diskState', value='READY'}, Tag{name='nodeType', value='ELECTABLE'}, Tag{name='provider', value='AWS'}, Tag{name='region', value='AP_SOUTH_1'}, Tag{name='workloadType', value='OPERATIONAL'}]}, electionId=7fffffff000000000000029c, setVersion=243, topologyVersion=TopologyVersion{processId=6aa036cfe4fd87c4b852bc68, counter=10}, lastWriteDate=Fri Sep 18 15:35:01 IST 2026, lastUpdateTimeNanos=61654765579200}
2026-09-18 15:35:01 INFO  [USER-INFO,traceId=,spanId=] [cluster-ClusterId{value='6aac1d49c24de35ada5878b4', description='null'}-ac-2s659uf-shard-00-00.pvohmlz.mongodb.net:27017] org.mongodb.driver.cluster - Monitor thread successfully connected to server with description ServerDescription{address=ac-2s659uf-shard-00-00.pvohmlz.mongodb.net:27017, type=REPLICA_SET_SECONDARY, cryptd=false, state=CONNECTED, ok=true, minWireVersion=0, maxWireVersion=25, maxDocumentSize=16777216, logicalSessionTimeoutMinutes=30, roundTripTimeNanos=155613900, minRoundTripTimeNanos=0, setName='atlas-cyb1qj-shard-0', canonicalAddress=ac-2s659uf-shard-00-00.pvohmlz.mongodb.net:27017, hosts=[ac-2s659uf-shard-00-00.pvohmlz.mongodb.net:27017, ac-2s659uf-shard-00-01.pvohmlz.mongodb.net:27017, ac-2s659uf-shard-00-02.pvohmlz.mongodb.net:27017], passives=[], arbiters=[], primary='ac-2s659uf-shard-00-01.pvohmlz.mongodb.net:27017', tagSet=TagSet{[Tag{name='availabilityZone', value='aps1-az1'}, Tag{name='cacheState', value='READY'}, Tag{name='diskState', value='READY'}, Tag{name='nodeType', value='ELECTABLE'}, Tag{name='provider', value='AWS'}, Tag{name='region', value='AP_SOUTH_1'}, Tag{name='workloadType', value='OPERATIONAL'}]}, electionId=null, setVersion=243, topologyVersion=TopologyVersion{processId=6aa03408de4fa51023b14665, counter=10}, lastWriteDate=Fri Sep 18 15:35:01 IST 2026, lastUpdateTimeNanos=61654763735300}
2026-09-18 15:35:01 INFO  [USER-INFO,traceId=,spanId=] [cluster-ClusterId{value='6aac1d49c24de35ada5878b4', description='null'}-ac-2s659uf-shard-00-02.pvohmlz.mongodb.net:27017] org.mongodb.driver.cluster - Monitor thread successfully connected to server with description ServerDescription{address=ac-2s659uf-shard-00-02.pvohmlz.mongodb.net:27017, type=REPLICA_SET_SECONDARY, cryptd=false, state=CONNECTED, ok=true, minWireVersion=0, maxWireVersion=25, maxDocumentSize=16777216, logicalSessionTimeoutMinutes=30, roundTripTimeNanos=120646200, minRoundTripTimeNanos=0, setName='atlas-cyb1qj-shard-0', canonicalAddress=ac-2s659uf-shard-00-02.pvohmlz.mongodb.net:27017, hosts=[ac-2s659uf-shard-00-00.pvohmlz.mongodb.net:27017, ac-2s659uf-shard-00-01.pvohmlz.mongodb.net:27017, ac-2s659uf-shard-00-02.pvohmlz.mongodb.net:27017], passives=[], arbiters=[], primary='ac-2s659uf-shard-00-01.pvohmlz.mongodb.net:27017', tagSet=TagSet{[Tag{name='availabilityZone', value='aps1-az2'}, Tag{name='cacheState', value='READY'}, Tag{name='diskState', value='READY'}, Tag{name='nodeType', value='ELECTABLE'}, Tag{name='provider', value='AWS'}, Tag{name='region', value='AP_SOUTH_1'}, Tag{name='workloadType', value='OPERATIONAL'}]}, electionId=null, setVersion=243, topologyVersion=TopologyVersion{processId=6aa03a0e28f9005065e8fbae, counter=5}, lastWriteDate=Fri Sep 18 15:35:01 IST 2026, lastUpdateTimeNanos=61654771175800}
2026-09-18 15:35:01 INFO  [USER-INFO,traceId=,spanId=] [cluster-ClusterId{value='6aac1d49c24de35ada5878b4', description='null'}-ac-2s659uf-shard-00-01.pvohmlz.mongodb.net:27017] org.mongodb.driver.cluster - Discovered replica set primary ac-2s659uf-shard-00-01.pvohmlz.mongodb.net:27017 with max election id 7fffffff000000000000029c and max set version 243
2026-09-18 15:37:30 INFO  [USER-INFO,traceId=,spanId=] [AsyncResolver-bootstrap-executor-%d] c.n.d.s.r.aws.ConfigClusterResolver - Resolving eureka endpoints via configuration
2026-09-18 15:42:30 INFO  [USER-INFO,traceId=,spanId=] [AsyncResolver-bootstrap-executor-%d] c.n.d.s.r.aws.ConfigClusterResolver - Resolving eureka endpoints via configuration
2026-09-18 15:47:30 INFO  [USER-INFO,traceId=,spanId=] [AsyncResolver-bootstrap-executor-%d] c.n.d.s.r.aws.ConfigClusterResolver - Resolving eureka endpoints via configuration
2026-09-18 15:54:00 INFO  [USER-INFO,traceId=,spanId=] [cluster-ClusterId{value='6aac1d49c24de35ada5878b4', description='null'}-ac-2s659uf-shard-00-02.pvohmlz.mongodb.net:27017] org.mongodb.driver.cluster - Exception in monitor thread while connecting to server ac-2s659uf-shard-00-02.pvohmlz.mongodb.net:27017
com.mongodb.MongoSocketReadTimeoutException: Timeout while receiving message
	at com.mongodb.internal.connection.InternalStreamConnection.createReadTimeoutException(InternalStreamConnection.java:824)
	at com.mongodb.internal.connection.InternalStreamConnection.translateReadException(InternalStreamConnection.java:812)
	at com.mongodb.internal.connection.InternalStreamConnection.receiveResponseBuffers(InternalStreamConnection.java:862)
	at com.mongodb.internal.connection.InternalStreamConnection.receiveCommandMessageResponse(InternalStreamConnection.java:517)
	at com.mongodb.internal.connection.InternalStreamConnection.receive(InternalStreamConnection.java:469)
	at com.mongodb.internal.connection.DefaultServerMonitor$ServerMonitor.lookupServerDescription(DefaultServerMonitor.java:249)
	at com.mongodb.internal.connection.DefaultServerMonitor$ServerMonitor.run(DefaultServerMonitor.java:176)
Caused by: java.net.SocketTimeoutException: Read timed out
	at java.base/sun.nio.ch.NioSocketImpl.timedRead(NioSocketImpl.java:278)
	at java.base/sun.nio.ch.NioSocketImpl.implRead(NioSocketImpl.java:304)
	at java.base/sun.nio.ch.NioSocketImpl.read(NioSocketImpl.java:346)
	at java.base/sun.nio.ch.NioSocketImpl$1.read(NioSocketImpl.java:796)
	at java.base/java.net.Socket$SocketInputStream.read(Socket.java:1099)
	at java.base/sun.security.ssl.SSLSocketInputRecord.read(SSLSocketInputRecord.java:489)
	at java.base/sun.security.ssl.SSLSocketInputRecord.readHeader(SSLSocketInputRecord.java:483)
	at java.base/sun.security.ssl.SSLSocketInputRecord.bytesInCompletePacket(SSLSocketInputRecord.java:70)
	at java.base/sun.security.ssl.SSLSocketImpl.readApplicationRecord(SSLSocketImpl.java:1461)
	at java.base/sun.security.ssl.SSLSocketImpl$AppInputStream.read(SSLSocketImpl.java:1066)
	at com.mongodb.internal.connection.SocketStream.read(SocketStream.java:182)
	at com.mongodb.internal.connection.InternalStreamConnection.receiveResponseBuffers(InternalStreamConnection.java:829)
	... 4 common frames omitted
2026-09-18 15:54:00 INFO  [USER-INFO,traceId=,spanId=] [cluster-ClusterId{value='6aac1d49c24de35ada5878b4', description='null'}-ac-2s659uf-shard-00-02.pvohmlz.mongodb.net:27017] org.mongodb.driver.cluster - Monitor thread successfully connected to server with description ServerDescription{address=ac-2s659uf-shard-00-02.pvohmlz.mongodb.net:27017, type=REPLICA_SET_SECONDARY, cryptd=false, state=CONNECTED, ok=true, minWireVersion=0, maxWireVersion=25, maxDocumentSize=16777216, logicalSessionTimeoutMinutes=30, roundTripTimeNanos=123831000, minRoundTripTimeNanos=0, setName='atlas-cyb1qj-shard-0', canonicalAddress=ac-2s659uf-shard-00-02.pvohmlz.mongodb.net:27017, hosts=[ac-2s659uf-shard-00-00.pvohmlz.mongodb.net:27017, ac-2s659uf-shard-00-01.pvohmlz.mongodb.net:27017, ac-2s659uf-shard-00-02.pvohmlz.mongodb.net:27017], passives=[], arbiters=[], primary='ac-2s659uf-shard-00-01.pvohmlz.mongodb.net:27017', tagSet=TagSet{[Tag{name='availabilityZone', value='aps1-az2'}, Tag{name='cacheState', value='READY'}, Tag{name='diskState', value='READY'}, Tag{name='nodeType', value='ELECTABLE'}, Tag{name='provider', value='AWS'}, Tag{name='region', value='AP_SOUTH_1'}, Tag{name='workloadType', value='OPERATIONAL'}]}, electionId=null, setVersion=243, topologyVersion=TopologyVersion{processId=6aa03a0e28f9005065e8fbae, counter=5}, lastWriteDate=Fri Sep 18 15:54:00 IST 2026, lastUpdateTimeNanos=62793828305200}
2026-09-18 15:54:00 INFO  [USER-INFO,traceId=,spanId=] [cluster-ClusterId{value='6aac1d49c24de35ada5878b4', description='null'}-ac-2s659uf-shard-00-00.pvohmlz.mongodb.net:27017] org.mongodb.driver.cluster - Exception in monitor thread while connecting to server ac-2s659uf-shard-00-00.pvohmlz.mongodb.net:27017
com.mongodb.MongoSocketReadTimeoutException: Timeout while receiving message
	at com.mongodb.internal.connection.InternalStreamConnection.createReadTimeoutException(InternalStreamConnection.java:824)
	at com.mongodb.internal.connection.InternalStreamConnection.translateReadException(InternalStreamConnection.java:812)
	at com.mongodb.internal.connection.InternalStreamConnection.receiveResponseBuffers(InternalStreamConnection.java:862)
	at com.mongodb.internal.connection.InternalStreamConnection.receiveCommandMessageResponse(InternalStreamConnection.java:517)
	at com.mongodb.internal.connection.InternalStreamConnection.receive(InternalStreamConnection.java:469)
	at com.mongodb.internal.connection.DefaultServerMonitor$ServerMonitor.lookupServerDescription(DefaultServerMonitor.java:249)
	at com.mongodb.internal.connection.DefaultServerMonitor$ServerMonitor.run(DefaultServerMonitor.java:176)
Caused by: java.net.SocketTimeoutException: Read timed out
	at java.base/sun.nio.ch.NioSocketImpl.timedRead(NioSocketImpl.java:278)
	at java.base/sun.nio.ch.NioSocketImpl.implRead(NioSocketImpl.java:304)
	at java.base/sun.nio.ch.NioSocketImpl.read(NioSocketImpl.java:346)
	at java.base/sun.nio.ch.NioSocketImpl$1.read(NioSocketImpl.java:796)
	at java.base/java.net.Socket$SocketInputStream.read(Socket.java:1099)
	at java.base/sun.security.ssl.SSLSocketInputRecord.read(SSLSocketInputRecord.java:489)
	at java.base/sun.security.ssl.SSLSocketInputRecord.readHeader(SSLSocketInputRecord.java:483)
	at java.base/sun.security.ssl.SSLSocketInputRecord.bytesInCompletePacket(SSLSocketInputRecord.java:70)
	at java.base/sun.security.ssl.SSLSocketImpl.readApplicationRecord(SSLSocketImpl.java:1461)
	at java.base/sun.security.ssl.SSLSocketImpl$AppInputStream.read(SSLSocketImpl.java:1066)
	at com.mongodb.internal.connection.SocketStream.read(SocketStream.java:182)
	at com.mongodb.internal.connection.InternalStreamConnection.receiveResponseBuffers(InternalStreamConnection.java:829)
	... 4 common frames omitted
2026-09-18 15:54:00 INFO  [USER-INFO,traceId=,spanId=] [cluster-ClusterId{value='6aac1d49c24de35ada5878b4', description='null'}-ac-2s659uf-shard-00-00.pvohmlz.mongodb.net:27017] org.mongodb.driver.cluster - Monitor thread successfully connected to server with description ServerDescription{address=ac-2s659uf-shard-00-00.pvohmlz.mongodb.net:27017, type=REPLICA_SET_SECONDARY, cryptd=false, state=CONNECTED, ok=true, minWireVersion=0, maxWireVersion=25, maxDocumentSize=16777216, logicalSessionTimeoutMinutes=30, roundTripTimeNanos=115304900, minRoundTripTimeNanos=0, setName='atlas-cyb1qj-shard-0', canonicalAddress=ac-2s659uf-shard-00-00.pvohmlz.mongodb.net:27017, hosts=[ac-2s659uf-shard-00-00.pvohmlz.mongodb.net:27017, ac-2s659uf-shard-00-01.pvohmlz.mongodb.net:27017, ac-2s659uf-shard-00-02.pvohmlz.mongodb.net:27017], passives=[], arbiters=[], primary='ac-2s659uf-shard-00-01.pvohmlz.mongodb.net:27017', tagSet=TagSet{[Tag{name='availabilityZone', value='aps1-az1'}, Tag{name='cacheState', value='READY'}, Tag{name='diskState', value='READY'}, Tag{name='nodeType', value='ELECTABLE'}, Tag{name='provider', value='AWS'}, Tag{name='region', value='AP_SOUTH_1'}, Tag{name='workloadType', value='OPERATIONAL'}]}, electionId=null, setVersion=243, topologyVersion=TopologyVersion{processId=6aa03408de4fa51023b14665, counter=10}, lastWriteDate=Fri Sep 18 15:54:00 IST 2026, lastUpdateTimeNanos=62794094328500}
2026-09-18 15:58:09 INFO  [USER-INFO,traceId=,spanId=] [AsyncResolver-bootstrap-executor-%d] c.n.d.s.r.aws.ConfigClusterResolver - Resolving eureka endpoints via configuration
2026-09-18 16:03:09 INFO  [USER-INFO,traceId=,spanId=] [AsyncResolver-bootstrap-executor-%d] c.n.d.s.r.aws.ConfigClusterResolver - Resolving eureka endpoints via configuration
2026-09-18 16:08:09 INFO  [USER-INFO,traceId=,spanId=] [AsyncResolver-bootstrap-executor-%d] c.n.d.s.r.aws.ConfigClusterResolver - Resolving eureka endpoints via configuration
2026-09-18 16:13:09 INFO  [USER-INFO,traceId=,spanId=] [AsyncResolver-bootstrap-executor-%d] c.n.d.s.r.aws.ConfigClusterResolver - Resolving eureka endpoints via configuration
2026-09-18 16:18:09 INFO  [USER-INFO,traceId=,spanId=] [AsyncResolver-bootstrap-executor-%d] c.n.d.s.r.aws.ConfigClusterResolver - Resolving eureka endpoints via configuration
2026-09-18 16:23:09 INFO  [USER-INFO,traceId=,spanId=] [AsyncResolver-bootstrap-executor-%d] c.n.d.s.r.aws.ConfigClusterResolver - Resolving eureka endpoints via configuration
2026-09-18 16:28:09 INFO  [USER-INFO,traceId=,spanId=] [AsyncResolver-bootstrap-executor-%d] c.n.d.s.r.aws.ConfigClusterResolver - Resolving eureka endpoints via configuration
2026-09-18 16:33:09 INFO  [USER-INFO,traceId=,spanId=] [AsyncResolver-bootstrap-executor-%d] c.n.d.s.r.aws.ConfigClusterResolver - Resolving eureka endpoints via configuration
2026-09-18 16:38:09 INFO  [USER-INFO,traceId=,spanId=] [AsyncResolver-bootstrap-executor-%d] c.n.d.s.r.aws.ConfigClusterResolver - Resolving eureka endpoints via configuration
2026-09-18 16:43:09 INFO  [USER-INFO,traceId=,spanId=] [AsyncResolver-bootstrap-executor-%d] c.n.d.s.r.aws.ConfigClusterResolver - Resolving eureka endpoints via configuration
2026-09-18 16:48:09 INFO  [USER-INFO,traceId=,spanId=] [AsyncResolver-bootstrap-executor-%d] c.n.d.s.r.aws.ConfigClusterResolver - Resolving eureka endpoints via configuration
2026-09-18 16:53:09 INFO  [USER-INFO,traceId=,spanId=] [AsyncResolver-bootstrap-executor-%d] c.n.d.s.r.aws.ConfigClusterResolver - Resolving eureka endpoints via configuration
2026-09-18 16:58:09 INFO  [USER-INFO,traceId=,spanId=] [AsyncResolver-bootstrap-executor-%d] c.n.d.s.r.aws.ConfigClusterResolver - Resolving eureka endpoints via configuration
2026-09-18 17:03:09 INFO  [USER-INFO,traceId=,spanId=] [AsyncResolver-bootstrap-executor-%d] c.n.d.s.r.aws.ConfigClusterResolver - Resolving eureka endpoints via configuration
2026-09-18 17:08:09 INFO  [USER-INFO,traceId=,spanId=] [AsyncResolver-bootstrap-executor-%d] c.n.d.s.r.aws.ConfigClusterResolver - Resolving eureka endpoints via configuration
2026-09-18 17:13:09 INFO  [USER-INFO,traceId=,spanId=] [AsyncResolver-bootstrap-executor-%d] c.n.d.s.r.aws.ConfigClusterResolver - Resolving eureka endpoints via configuration
